Modules list:
-------------
main.o:
    CODE              Offs=000000  Size=00019F  Align=00001  Fill=0000
    RODATA            Offs=000000  Size=0000A0  Align=00001  Fill=0000
    DATA              Offs=000000  Size=00003D  Align=00001  Fill=0000
mockingboard.o:
    CODE              Offs=00019F  Size=0001A7  Align=00001  Fill=0000
    DATA              Offs=00003D  Size=000011  Align=00001  Fill=0000
/usr/share/cc65/lib/apple2.lib(_hextab.o):
    RODATA            Offs=0000A0  Size=000010  Align=00001  Fill=0000
/usr/share/cc65/lib/apple2.lib(_longminstr.o):
    RODATA            Offs=0000B0  Size=00000C  Align=00001  Fill=0000
/usr/share/cc65/lib/apple2.lib(_printf.o):
    CODE              Offs=000346  Size=0003A5  Align=00001  Fill=0000
    BSS               Offs=000000  Size=00002B  Align=00001  Fill=0000
    DATA              Offs=00004E  Size=000003  Align=00001  Fill=0000
/usr/share/cc65/lib/apple2.lib(addeqsp.o):
    CODE              Offs=0006EB  Size=000011  Align=00001  Fill=0000
/usr/share/cc65/lib/apple2.lib(addysp.o):
    CODE              Offs=0006FC  Size=00000E  Align=00001  Fill=0000
/usr/share/cc65/lib/apple2.lib(axlong.o):
    CODE              Offs=00070A  Size=00000D  Align=00001  Fill=0000
/usr/share/cc65/lib/apple2.lib(callmain.o):
    CODE              Offs=000717  Size=000017  Align=00001  Fill=0000
    DATA              Offs=000051  Size=000004  Align=00001  Fill=0000
/usr/share/cc65/lib/apple2.lib(clrscr.o):
/usr/share/cc65/lib/apple2.lib(condes.o):
    CODE              Offs=00072E  Size=00000C  Align=00001  Fill=0000
    DATA              Offs=000055  Size=000025  Align=00001  Fill=0000
    ONCE              Offs=000000  Size=00000C  Align=00001  Fill=0000
/usr/share/cc65/lib/apple2.lib(cprintf.o):
    CODE              Offs=00073A  Size=00002A  Align=00001  Fill=0000
    BSS               Offs=00002B  Size=000001  Align=00001  Fill=0000
/usr/share/cc65/lib/apple2.lib(cputc.o):
    CODE              Offs=000764  Size=000043  Align=00001  Fill=0000
/usr/share/cc65/lib/apple2.lib(crt0.o):
    CODE              Offs=0007A7  Size=000012  Align=00001  Fill=0000
    RODATA            Offs=0000BC  Size=000007  Align=00001  Fill=0000
    DATA              Offs=00007A  Size=000003  Align=00001  Fill=0000
    STARTUP           Offs=000000  Size=000034  Align=00001  Fill=0000
    ONCE              Offs=00000C  Size=00006A  Align=00001  Fill=0000
    INIT              Offs=000000  Size=00001D  Align=00001  Fill=0000
/usr/share/cc65/lib/apple2.lib(ctype.o):
    RODATA            Offs=0000C3  Size=00008B  Align=00001  Fill=0000
/usr/share/cc65/lib/apple2.lib(ctypemask.o):
    CODE              Offs=0007B9  Size=00001E  Align=00001  Fill=0000
/usr/share/cc65/lib/apple2.lib(decsp1.o):
    CODE              Offs=0007D7  Size=000009  Align=00001  Fill=0000
/usr/share/cc65/lib/apple2.lib(decsp4.o):
    CODE              Offs=0007E0  Size=00000D  Align=00001  Fill=0000
/usr/share/cc65/lib/apple2.lib(decsp6.o):
    CODE              Offs=0007ED  Size=00000D  Align=00001  Fill=0000
/usr/share/cc65/lib/apple2.lib(exehdr.o):
    EXEHDR            Offs=000000  Size=00003A  Align=00001  Fill=0000
/usr/share/cc65/lib/apple2.lib(gotoxy.o):
    CODE              Offs=0007FA  Size=000011  Align=00001  Fill=0000
/usr/share/cc65/lib/apple2.lib(home.o):
    LOWCODE           Offs=000000  Size=00000A  Align=00001  Fill=0000
/usr/share/cc65/lib/apple2.lib(icmp.o):
    CODE              Offs=00080B  Size=00002E  Align=00001  Fill=0000
/usr/share/cc65/lib/apple2.lib(incsp1.o):
    CODE              Offs=000839  Size=000007  Align=00001  Fill=0000
/usr/share/cc65/lib/apple2.lib(incsp2.o):
    CODE              Offs=000840  Size=000016  Align=00001  Fill=0000
/usr/share/cc65/lib/apple2.lib(incsp3.o):
    CODE              Offs=000856  Size=000005  Align=00001  Fill=0000
/usr/share/cc65/lib/apple2.lib(incsp4.o):
    CODE              Offs=00085B  Size=000005  Align=00001  Fill=0000
/usr/share/cc65/lib/apple2.lib(incsp8.o):
    CODE              Offs=000860  Size=000005  Align=00001  Fill=0000
/usr/share/cc65/lib/apple2.lib(kbhit.o):
    CODE              Offs=000865  Size=000009  Align=00001  Fill=0000
/usr/share/cc65/lib/apple2.lib(lneg.o):
    CODE              Offs=00086E  Size=00001E  Align=00001  Fill=0000
/usr/share/cc65/lib/apple2.lib(lpush.o):
    CODE              Offs=00088C  Size=000021  Align=00001  Fill=0000
/usr/share/cc65/lib/apple2.lib(ltoa.o):
    CODE              Offs=0008AD  Size=000095  Align=00001  Fill=0000
/usr/share/cc65/lib/apple2.lib(popa.o):
    CODE              Offs=000942  Size=00000C  Align=00001  Fill=0000
/usr/share/cc65/lib/apple2.lib(popptr1.o):
    CODE              Offs=00094E  Size=00000E  Align=00001  Fill=0000
/usr/share/cc65/lib/apple2.lib(push1.o):
    CODE              Offs=00095C  Size=000005  Align=00001  Fill=0000
/usr/share/cc65/lib/apple2.lib(pusha.o):
    CODE              Offs=000961  Size=000016  Align=00001  Fill=0000
/usr/share/cc65/lib/apple2.lib(pushax.o):
    CODE              Offs=000977  Size=00001A  Align=00001  Fill=0000
/usr/share/cc65/lib/apple2.lib(pushwsp.o):
    CODE              Offs=000991  Size=00001C  Align=00001  Fill=0000
/usr/share/cc65/lib/apple2.lib(shr.o):
    CODE              Offs=0009AD  Size=000034  Align=00001  Fill=0000
/usr/share/cc65/lib/apple2.lib(strlen.o):
    CODE              Offs=0009E1  Size=000016  Align=00001  Fill=0000
/usr/share/cc65/lib/apple2.lib(strlower.o):
    CODE              Offs=0009F7  Size=000027  Align=00001  Fill=0000
/usr/share/cc65/lib/apple2.lib(vcprintf.o):
    CODE              Offs=000A1E  Size=000078  Align=00001  Fill=0000
    DATA              Offs=00007D  Size=000008  Align=00001  Fill=0000
/usr/share/cc65/lib/apple2.lib(vtabz.o):
    LOWCODE           Offs=00000A  Size=00000A  Align=00001  Fill=0000
/usr/share/cc65/lib/apple2.lib(zerobss.o):
    CODE              Offs=000A96  Size=000023  Align=00001  Fill=0000
/usr/share/cc65/lib/apple2.lib(zeropage.o):
    ZEROPAGE          Offs=000000  Size=00001A  Align=00001  Fill=0000


Segment list:
-------------
Name                   Start     End    Size  Align
----------------------------------------------------
ZEROPAGE              000080  000099  00001A  00001
EXEHDR                0007C9  000802  00003A  00001
STARTUP               000803  000836  000034  00001
LOWCODE               000837  00084A  000014  00001
CODE                  00084B  001303  000AB9  00001
RODATA                001304  001451  00014E  00001
DATA                  001452  0014D6  000085  00001
INIT                  0014D7  0014F3  00001D  00001
BSS                   0014F4  00151F  00002C  00001
ONCE                  0014F4  001569  000076  00001


Exports list by name:
---------------------
HOME                      000837 RLA    VTABZ                     000841 RLA    
__BSS_RUN__               0014F4 RLA    __BSS_SIZE__              00002C REA    
__CONSTRUCTOR_COUNT__     000000 REA    __CONSTRUCTOR_TABLE__     00156A RLA    
__DESTRUCTOR_COUNT__      000000 REA    __DESTRUCTOR_TABLE__      001452 RLA    
__EXEHDR__                000001 REA    __FILETYPE__              000006 REA    
__HIMEM__                 009600 REA    __LCADDR__                00D400 REA    
__LCSIZE__                000C00 REA    __LC_LAST__               00D400 RLA    
__LC_START__              00D400 RLA    __MAIN_LAST__             00156A RLA    
__MAIN_START__            000803 RLA    __ONCE_LOAD__             0014F4 RLA    
__ONCE_RUN__              0014F4 RLA    __ONCE_SIZE__             000076 REA    
__STACKSIZE__             000800 REA    __STARTUP__               000001 REA    
__ctype                   0013C7 RLA    __ctypeidx                0013D2 RLA    
__hextab                  0013A4 RLA    __longminstr              0013B4 RLA    
__printf                  000C84 RLA    _clrscr                   000837 RLA    
_cprintf                  000F85 RLA    _cputc                    000FB4 RLA    
_gotoxy                   001048 RLA    _kbhit                    0010B0 RLA    
_ltoa                     001110 RLA    _main                     0008CE RLA    
_mockingBoardInit         0009EA RLA    _mockingBoardPlaySound    000A54 RLA    
_mockingBoardStopSound    000A8A RLA    _strlen                   00122C RLA    
_strlower                 001242 RLA    _ultoa                    001151 RLA    
_vcprintf                 0012B1 RLA    addeqysp                  000F38 RLA    
addysp                    000F48 RLA    axlong                    000F55 RLA    
axulong                   000F5B RLA    callmain                  000F62 RLA    
ctypemaskdirect           001008 RLA    decsp1                    001022 RLA    
decsp4                    00102B RLA    decsp6                    001038 RLA    
donelib                   000F79 RLA    gotoxy                    001045 RLA    
incsp1                    001084 RLA    incsp2                    001093 RLA    
incsp3                    0010A1 RLA    incsp4                    0010A6 RLA    
incsp8                    0010AB RLA    initlib                   0014F4 RLA    
negeax                    0010B9 RLA    popa                      00118D RLA    
popax                     00108B RLA    popptr1                   001199 RLA    
ptr1                      000088 RLZ    ptr2                      00008A RLZ    
ptr3                      00008C RLZ    push1                     0011A7 RLA    
pusha                     0011B0 RLA    pusha0                    0011C4 RLA    
pushax                    0011C6 RLA    pusheax                   0010E0 RLA    
pushw0sp                  0011DC RLA    regbank                   000094 RLZ    
shraxy                    0011FF RLA    sp                        000080 RLZ    
sreg                      000082 RLZ    tmp1                      000090 RLZ    
tosicmp                   001058 RLA    zerobss                   0012E1 RLA    



Exports list by value:
----------------------
__CONSTRUCTOR_COUNT__     000000 REA    __DESTRUCTOR_COUNT__      000000 REA    
__EXEHDR__                000001 REA    __STARTUP__               000001 REA    
__FILETYPE__              000006 REA    __BSS_SIZE__              00002C REA    
__ONCE_SIZE__             000076 REA    sp                        000080 RLZ    
sreg                      000082 RLZ    ptr1                      000088 RLZ    
ptr2                      00008A RLZ    ptr3                      00008C RLZ    
tmp1                      000090 RLZ    regbank                   000094 RLZ    
__STACKSIZE__             000800 REA    __MAIN_START__            000803 RLA    
HOME                      000837 RLA    _clrscr                   000837 RLA    
VTABZ                     000841 RLA    _main                     0008CE RLA    
_mockingBoardInit         0009EA RLA    _mockingBoardPlaySound    000A54 RLA    
_mockingBoardStopSound    000A8A RLA    __LCSIZE__                000C00 REA    
__printf                  000C84 RLA    addeqysp                  000F38 RLA    
addysp                    000F48 RLA    axlong                    000F55 RLA    
axulong                   000F5B RLA    callmain                  000F62 RLA    
donelib                   000F79 RLA    _cprintf                  000F85 RLA    
_cputc                    000FB4 RLA    ctypemaskdirect           001008 RLA    
decsp1                    001022 RLA    decsp4                    00102B RLA    
decsp6                    001038 RLA    gotoxy                    001045 RLA    
_gotoxy                   001048 RLA    tosicmp                   001058 RLA    
incsp1                    001084 RLA    popax                     00108B RLA    
incsp2                    001093 RLA    incsp3                    0010A1 RLA    
incsp4                    0010A6 RLA    incsp8                    0010AB RLA    
_kbhit                    0010B0 RLA    negeax                    0010B9 RLA    
pusheax                   0010E0 RLA    _ltoa                     001110 RLA    
_ultoa                    001151 RLA    popa                      00118D RLA    
popptr1                   001199 RLA    push1                     0011A7 RLA    
pusha                     0011B0 RLA    pusha0                    0011C4 RLA    
pushax                    0011C6 RLA    pushw0sp                  0011DC RLA    
shraxy                    0011FF RLA    _strlen                   00122C RLA    
_strlower                 001242 RLA    _vcprintf                 0012B1 RLA    
zerobss                   0012E1 RLA    __hextab                  0013A4 RLA    
__longminstr              0013B4 RLA    __ctype                   0013C7 RLA    
__ctypeidx                0013D2 RLA    __DESTRUCTOR_TABLE__      001452 RLA    
__BSS_RUN__               0014F4 RLA    __ONCE_LOAD__             0014F4 RLA    
__ONCE_RUN__              0014F4 RLA    initlib                   0014F4 RLA    
__CONSTRUCTOR_TABLE__     00156A RLA    __MAIN_LAST__             00156A RLA    
__HIMEM__                 009600 REA    __LCADDR__                00D400 REA    
__LC_LAST__               00D400 RLA    __LC_START__              00D400 RLA    



Imports list:
-------------
HOME (home.o):
    clrscr.o                  apple2/clrscr.s:8
VTABZ (vtabz.o):
    cputc.o                   apple2/cputc.s:13
    gotoxy.o                  apple2/gotoxy.s:9
__BSS_RUN__ ([linker generated]):
    zerobss.o                 common/zerobss.s:8
__BSS_SIZE__ ([linker generated]):
    zerobss.o                 common/zerobss.s:8
__CONSTRUCTOR_COUNT__ ([linker generated]):
    condes.o                  runtime/condes.s:18
__CONSTRUCTOR_TABLE__ ([linker generated]):
    condes.o                  runtime/condes.s:18
__DESTRUCTOR_COUNT__ ([linker generated]):
    condes.o                  runtime/condes.s:19
__DESTRUCTOR_TABLE__ ([linker generated]):
    condes.o                  runtime/condes.s:19
__EXEHDR__ (exehdr.o):
    [linker generated]        /usr/share/cc65/cfg/apple2.cfg:7
__FILETYPE__ ([linker generated]):
    exehdr.o                  apple2/exehdr.s:9
__HIMEM__ ([linker generated]):
    [linker generated]        /usr/share/cc65/cfg/apple2.cfg:18
    [linker generated]        /usr/share/cc65/cfg/apple2.cfg:17
__LCADDR__ ([linker generated]):
    [linker generated]        /usr/share/cc65/cfg/apple2.cfg:19
__LCSIZE__ ([linker generated]):
    [linker generated]        /usr/share/cc65/cfg/apple2.cfg:19
__LC_LAST__ ([linker generated]):
    crt0.o                    apple2/crt0.s:13
__LC_START__ ([linker generated]):
    crt0.o                    apple2/crt0.s:13
__MAIN_LAST__ ([linker generated]):
    exehdr.o                  apple2/exehdr.s:10
__MAIN_START__ ([linker generated]):
    exehdr.o                  apple2/exehdr.s:10
__ONCE_LOAD__ ([linker generated]):
    crt0.o                    apple2/crt0.s:12
__ONCE_RUN__ ([linker generated]):
    [linker generated]        /usr/share/cc65/cfg/apple2.cfg:18
    [linker generated]        /usr/share/cc65/cfg/apple2.cfg:18
__ONCE_SIZE__ ([linker generated]):
    crt0.o                    apple2/crt0.s:12
__STACKSIZE__ ([linker generated]):
    [linker generated]        /usr/share/cc65/cfg/apple2.cfg:18
__STARTUP__ (crt0.o):
    main.o                    src/main.s:13
__ctype (ctype.o):
    ctypemask.o               common/ctypemask.s:23
__ctypeidx (ctype.o):
    ctypemask.o               common/ctypemask.s:24
__hextab (_hextab.o):
    ltoa.o                    common/ltoa.s:10
__longminstr (_longminstr.o):
    ltoa.o                    common/ltoa.s:10
__printf (_printf.o):
    vcprintf.o                conio/vcprintf.s:9
_clrscr (clrscr.o):
    main.o                    src/main.s:14
_cprintf (cprintf.o):
    main.o                    src/main.s:17
_cputc (cputc.o):
    vcprintf.o                conio/vcprintf.s:9
_gotoxy (gotoxy.o):
    main.o                    src/main.s:16
_kbhit (kbhit.o):
    main.o                    src/main.s:15
_ltoa (ltoa.o):
    _printf.o                 common/_printf.s:12
_main (main.o):
    callmain.o                runtime/callmain.s:11
_mockingBoardInit (mockingboard.o):
    main.o                    src/main.s:18
_mockingBoardPlaySound (mockingboard.o):
    main.o                    src/main.s:20
_mockingBoardStopSound (mockingboard.o):
    main.o                    src/main.s:21
_strlen (strlen.o):
    _printf.o                 common/_printf.s:13
_strlower (strlower.o):
    _printf.o                 common/_printf.s:13
_ultoa (ltoa.o):
    _printf.o                 common/_printf.s:12
_vcprintf (vcprintf.o):
    cprintf.o                 conio/cprintf.s:8
addeqysp (addeqsp.o):
    mockingboard.o            src/mockingboard.s:329
addysp (addysp.o):
    incsp8.o                  runtime/incsp8.s:8
    incsp4.o                  runtime/incsp4.s:8
    incsp3.o                  runtime/incsp3.s:8
    cprintf.o                 conio/cprintf.s:8
axlong (axlong.o):
    _printf.o                 common/_printf.s:11
axulong (axlong.o):
    _printf.o                 common/_printf.s:11
callmain (callmain.o):
    crt0.o                    apple2/crt0.s:11
ctypemaskdirect (ctypemask.o):
    strlower.o                common/strlower.s:14
decsp1 (decsp1.o):
    mockingboard.o            src/mockingboard.s:329
    mockingboard.o            src/mockingboard.s:329
decsp4 (decsp4.o):
    lpush.o                   runtime/lpush.s:12
decsp6 (decsp6.o):
    _printf.o                 common/_printf.s:11
donelib (condes.o):
    crt0.o                    apple2/crt0.s:10
gotoxy (gotoxy.o):
    cputc.o                   apple2/cputc.s:13
incsp1 (incsp1.o):
    mockingboard.o            src/mockingboard.s:329
incsp2 (incsp2.o):
    popptr1.o                 runtime/popptr1.s:8
    mockingboard.o            src/mockingboard.s:329
    main.o                    src/main.s:306
incsp3 (incsp3.o):
    mockingboard.o            src/mockingboard.s:329
incsp4 (incsp4.o):
    mockingboard.o            src/mockingboard.s:329
incsp8 (incsp8.o):
    mockingboard.o            src/mockingboard.s:329
initlib (condes.o):
    crt0.o                    apple2/crt0.s:10
negeax (lneg.o):
    ltoa.o                    common/ltoa.s:9
popa (popa.o):
    gotoxy.o                  apple2/gotoxy.s:9
popax (incsp2.o):
    ltoa.o                    common/ltoa.s:9
    _printf.o                 common/_printf.s:11
    vcprintf.o                conio/vcprintf.s:8
    shr.o                     runtime/shr.s:15
popptr1 (popptr1.o):
    ltoa.o                    common/ltoa.s:9
    vcprintf.o                conio/vcprintf.s:8
ptr1 (zeropage.o):
    strlower.o                common/strlower.s:13
    popptr1.o                 runtime/popptr1.s:9
    ltoa.o                    common/ltoa.s:11
    _printf.o                 /usr/src/packages/BUILD/asminc/zeropage.inc:12
    zerobss.o                 common/zerobss.s:9
    vcprintf.o                conio/vcprintf.s:10
    cprintf.o                 conio/cprintf.s:9
    mockingboard.o            src/mockingboard.s:11
    main.o                    src/main.s:11
ptr2 (zeropage.o):
    strlower.o                common/strlower.s:13
    strlen.o                  common/strlen.s:12
    ltoa.o                    common/ltoa.s:11
    _printf.o                 /usr/src/packages/BUILD/asminc/zeropage.inc:12
    vcprintf.o                conio/vcprintf.s:10
ptr3 (zeropage.o):
    ltoa.o                    common/ltoa.s:11
    vcprintf.o                conio/vcprintf.s:10
push1 (push1.o):
    _printf.o                 common/_printf.s:11
pusha (pusha.o):
    mockingboard.o            src/mockingboard.s:329
    mockingboard.o            src/mockingboard.s:329
    mockingboard.o            src/mockingboard.s:329
    mockingboard.o            src/mockingboard.s:329
    mockingboard.o            src/mockingboard.s:329
    main.o                    src/main.s:306
    main.o                    src/main.s:306
pusha0 (pushax.o):
    push1.o                   runtime/push1.s:8
    main.o                    src/main.s:306
pushax (pushax.o):
    callmain.o                runtime/callmain.s:11
    _printf.o                 common/_printf.s:11
    vcprintf.o                conio/vcprintf.s:8
    cprintf.o                 conio/cprintf.s:8
    mockingboard.o            src/mockingboard.s:329
    mockingboard.o            src/mockingboard.s:329
    mockingboard.o            src/mockingboard.s:329
    main.o                    src/main.s:306
pusheax (lpush.o):
    _printf.o                 common/_printf.s:11
pushw0sp (pushwsp.o):
    mockingboard.o            src/mockingboard.s:329
regbank (zeropage.o):
    _printf.o                 /usr/src/packages/BUILD/asminc/zeropage.inc:14
shraxy (shr.o):
    main.o                    src/main.s:306
sp (zeropage.o):
    decsp4.o                  runtime/decsp4.s:8
    popptr1.o                 runtime/popptr1.s:9
    lpush.o                   runtime/lpush.s:13
    decsp6.o                  runtime/decsp6.s:8
    addysp.o                  runtime/addysp.s:8
    _printf.o                 /usr/src/packages/BUILD/asminc/zeropage.inc:11
    vcprintf.o                conio/vcprintf.s:10
    pushwsp.o                 runtime/pushwsp.s:8
    pushax.o                  runtime/pushax.s:8
    pusha.o                   runtime/pusha.s:8
    popa.o                    runtime/popa.s:8
    incsp2.o                  runtime/incsp2.s:8
    incsp1.o                  runtime/incsp1.s:8
    icmp.o                    runtime/icmp.s:9
    decsp1.o                  runtime/decsp1.s:8
    crt0.o                    /usr/src/packages/BUILD/asminc/zeropage.inc:11
    cprintf.o                 conio/cprintf.s:9
    addeqsp.o                 runtime/addeqsp.s:8
    mockingboard.o            src/mockingboard.s:10
    main.o                    src/main.s:10
sreg (zeropage.o):
    lneg.o                    runtime/lneg.s:11
    ltoa.o                    common/ltoa.s:11
    lpush.o                   runtime/lpush.s:13
    axlong.o                  runtime/axlong.s:9
    _printf.o                 /usr/src/packages/BUILD/asminc/zeropage.inc:11
    icmp.o                    runtime/icmp.s:9
    mockingboard.o            src/mockingboard.s:10
tmp1 (zeropage.o):
    ltoa.o                    common/ltoa.s:11
    _printf.o                 /usr/src/packages/BUILD/asminc/zeropage.inc:13
    vcprintf.o                conio/vcprintf.s:10
    shr.o                     runtime/shr.s:16
    main.o                    src/main.s:11
tosicmp (icmp.o):
    main.o                    src/main.s:306
zerobss (zerobss.o):
    crt0.o                    apple2/crt0.s:11

