Modules list:
-------------
main.o:
    CODE              Offs=000000  Size=0001E8  Align=00001  Fill=0000
    RODATA            Offs=000000  Size=0000CA  Align=00001  Fill=0000
    DATA              Offs=000000  Size=000042  Align=00001  Fill=0000
mockingboard.o:
    CODE              Offs=0001E8  Size=0001A7  Align=00001  Fill=0000
    DATA              Offs=000042  Size=000011  Align=00001  Fill=0000
/usr/share/cc65/lib/apple2.lib(_hextab.o):
    RODATA            Offs=0000CA  Size=000010  Align=00001  Fill=0000
/usr/share/cc65/lib/apple2.lib(_longminstr.o):
    RODATA            Offs=0000DA  Size=00000C  Align=00001  Fill=0000
/usr/share/cc65/lib/apple2.lib(_printf.o):
    CODE              Offs=00038F  Size=0003A5  Align=00001  Fill=0000
    BSS               Offs=000000  Size=00002B  Align=00001  Fill=0000
    DATA              Offs=000053  Size=000003  Align=00001  Fill=0000
/usr/share/cc65/lib/apple2.lib(addeqsp.o):
    CODE              Offs=000734  Size=000011  Align=00001  Fill=0000
/usr/share/cc65/lib/apple2.lib(addysp.o):
    CODE              Offs=000745  Size=00000E  Align=00001  Fill=0000
/usr/share/cc65/lib/apple2.lib(axlong.o):
    CODE              Offs=000753  Size=00000D  Align=00001  Fill=0000
/usr/share/cc65/lib/apple2.lib(callmain.o):
    CODE              Offs=000760  Size=000017  Align=00001  Fill=0000
    DATA              Offs=000056  Size=000004  Align=00001  Fill=0000
/usr/share/cc65/lib/apple2.lib(clrscr.o):
/usr/share/cc65/lib/apple2.lib(condes.o):
    CODE              Offs=000777  Size=00000C  Align=00001  Fill=0000
    DATA              Offs=00005A  Size=000025  Align=00001  Fill=0000
    ONCE              Offs=000000  Size=00000C  Align=00001  Fill=0000
/usr/share/cc65/lib/apple2.lib(cprintf.o):
    CODE              Offs=000783  Size=00002A  Align=00001  Fill=0000
    BSS               Offs=00002B  Size=000001  Align=00001  Fill=0000
/usr/share/cc65/lib/apple2.lib(cputc.o):
    CODE              Offs=0007AD  Size=000043  Align=00001  Fill=0000
/usr/share/cc65/lib/apple2.lib(crt0.o):
    CODE              Offs=0007F0  Size=000012  Align=00001  Fill=0000
    RODATA            Offs=0000E6  Size=000007  Align=00001  Fill=0000
    DATA              Offs=00007F  Size=000003  Align=00001  Fill=0000
    STARTUP           Offs=000000  Size=000034  Align=00001  Fill=0000
    ONCE              Offs=00000C  Size=00006A  Align=00001  Fill=0000
    INIT              Offs=000000  Size=00001D  Align=00001  Fill=0000
/usr/share/cc65/lib/apple2.lib(ctype.o):
    RODATA            Offs=0000ED  Size=00008B  Align=00001  Fill=0000
/usr/share/cc65/lib/apple2.lib(ctypemask.o):
    CODE              Offs=000802  Size=00001E  Align=00001  Fill=0000
/usr/share/cc65/lib/apple2.lib(decsp1.o):
    CODE              Offs=000820  Size=000009  Align=00001  Fill=0000
/usr/share/cc65/lib/apple2.lib(decsp4.o):
    CODE              Offs=000829  Size=00000D  Align=00001  Fill=0000
/usr/share/cc65/lib/apple2.lib(decsp6.o):
    CODE              Offs=000836  Size=00000D  Align=00001  Fill=0000
/usr/share/cc65/lib/apple2.lib(exehdr.o):
    EXEHDR            Offs=000000  Size=00003A  Align=00001  Fill=0000
/usr/share/cc65/lib/apple2.lib(gotoxy.o):
    CODE              Offs=000843  Size=000011  Align=00001  Fill=0000
/usr/share/cc65/lib/apple2.lib(home.o):
    LOWCODE           Offs=000000  Size=00000A  Align=00001  Fill=0000
/usr/share/cc65/lib/apple2.lib(icmp.o):
    CODE              Offs=000854  Size=00002E  Align=00001  Fill=0000
/usr/share/cc65/lib/apple2.lib(incsp1.o):
    CODE              Offs=000882  Size=000007  Align=00001  Fill=0000
/usr/share/cc65/lib/apple2.lib(incsp2.o):
    CODE              Offs=000889  Size=000016  Align=00001  Fill=0000
/usr/share/cc65/lib/apple2.lib(incsp3.o):
    CODE              Offs=00089F  Size=000005  Align=00001  Fill=0000
/usr/share/cc65/lib/apple2.lib(incsp4.o):
    CODE              Offs=0008A4  Size=000005  Align=00001  Fill=0000
/usr/share/cc65/lib/apple2.lib(incsp8.o):
    CODE              Offs=0008A9  Size=000005  Align=00001  Fill=0000
/usr/share/cc65/lib/apple2.lib(kbhit.o):
    CODE              Offs=0008AE  Size=000009  Align=00001  Fill=0000
/usr/share/cc65/lib/apple2.lib(lneg.o):
    CODE              Offs=0008B7  Size=00001E  Align=00001  Fill=0000
/usr/share/cc65/lib/apple2.lib(lpush.o):
    CODE              Offs=0008D5  Size=000021  Align=00001  Fill=0000
/usr/share/cc65/lib/apple2.lib(ltoa.o):
    CODE              Offs=0008F6  Size=000095  Align=00001  Fill=0000
/usr/share/cc65/lib/apple2.lib(popa.o):
    CODE              Offs=00098B  Size=00000C  Align=00001  Fill=0000
/usr/share/cc65/lib/apple2.lib(popptr1.o):
    CODE              Offs=000997  Size=00000E  Align=00001  Fill=0000
/usr/share/cc65/lib/apple2.lib(push1.o):
    CODE              Offs=0009A5  Size=000005  Align=00001  Fill=0000
/usr/share/cc65/lib/apple2.lib(pusha.o):
    CODE              Offs=0009AA  Size=000016  Align=00001  Fill=0000
/usr/share/cc65/lib/apple2.lib(pushax.o):
    CODE              Offs=0009C0  Size=00001A  Align=00001  Fill=0000
/usr/share/cc65/lib/apple2.lib(pushwsp.o):
    CODE              Offs=0009DA  Size=00001C  Align=00001  Fill=0000
/usr/share/cc65/lib/apple2.lib(shr.o):
    CODE              Offs=0009F6  Size=000034  Align=00001  Fill=0000
/usr/share/cc65/lib/apple2.lib(strlen.o):
    CODE              Offs=000A2A  Size=000016  Align=00001  Fill=0000
/usr/share/cc65/lib/apple2.lib(strlower.o):
    CODE              Offs=000A40  Size=000027  Align=00001  Fill=0000
/usr/share/cc65/lib/apple2.lib(vcprintf.o):
    CODE              Offs=000A67  Size=000078  Align=00001  Fill=0000
    DATA              Offs=000082  Size=000008  Align=00001  Fill=0000
/usr/share/cc65/lib/apple2.lib(vtabz.o):
    LOWCODE           Offs=00000A  Size=00000A  Align=00001  Fill=0000
/usr/share/cc65/lib/apple2.lib(zerobss.o):
    CODE              Offs=000ADF  Size=000023  Align=00001  Fill=0000
/usr/share/cc65/lib/apple2.lib(zeropage.o):
    ZEROPAGE          Offs=000000  Size=00001A  Align=00001  Fill=0000


Segment list:
-------------
Name                   Start     End    Size  Align
----------------------------------------------------
ZEROPAGE              000080  000099  00001A  00001
EXEHDR                0007C9  000802  00003A  00001
STARTUP               000803  000836  000034  00001
LOWCODE               000837  00084A  000014  00001
CODE                  00084B  00134C  000B02  00001
RODATA                00134D  0014C4  000178  00001
DATA                  0014C5  00154E  00008A  00001
INIT                  00154F  00156B  00001D  00001
BSS                   00156C  001597  00002C  00001
ONCE                  00156C  0015E1  000076  00001


Exports list by name:
---------------------
HOME                      000837 RLA    VTABZ                     000841 RLA    
__BSS_RUN__               00156C RLA    __BSS_SIZE__              00002C REA    
__CONSTRUCTOR_COUNT__     000000 REA    __CONSTRUCTOR_TABLE__     0015E2 RLA    
__DESTRUCTOR_COUNT__      000000 REA    __DESTRUCTOR_TABLE__      0014C5 RLA    
__EXEHDR__                000001 REA    __FILETYPE__              000006 REA    
__HIMEM__                 009600 REA    __LCADDR__                00D400 REA    
__LCSIZE__                000C00 REA    __LC_LAST__               00D400 RLA    
__LC_START__              00D400 RLA    __MAIN_LAST__             0015E2 RLA    
__MAIN_START__            000803 RLA    __ONCE_LOAD__             00156C RLA    
__ONCE_RUN__              00156C RLA    __ONCE_SIZE__             000076 REA    
__STACKSIZE__             000800 REA    __STARTUP__               000001 REA    
__ctype                   00143A RLA    __ctypeidx                001445 RLA    
__hextab                  001417 RLA    __longminstr              001427 RLA    
__printf                  000CCD RLA    _clrscr                   000837 RLA    
_cprintf                  000FCE RLA    _cputc                    000FFD RLA    
_gotoxy                   001091 RLA    _kbhit                    0010F9 RLA    
_ltoa                     001159 RLA    _main                     0008CE RLA    
_mockingBoardInit         000A33 RLA    _mockingBoardPlaySound    000A9D RLA    
_mockingBoardStopSound    000AD3 RLA    _strlen                   001275 RLA    
_strlower                 00128B RLA    _ultoa                    00119A RLA    
_vcprintf                 0012FA RLA    addeqysp                  000F81 RLA    
addysp                    000F91 RLA    axlong                    000F9E RLA    
axulong                   000FA4 RLA    callmain                  000FAB RLA    
ctypemaskdirect           001051 RLA    decsp1                    00106B RLA    
decsp4                    001074 RLA    decsp6                    001081 RLA    
donelib                   000FC2 RLA    gotoxy                    00108E RLA    
incsp1                    0010CD RLA    incsp2                    0010DC RLA    
incsp3                    0010EA RLA    incsp4                    0010EF RLA    
incsp8                    0010F4 RLA    initlib                   00156C RLA    
negeax                    001102 RLA    popa                      0011D6 RLA    
popax                     0010D4 RLA    popptr1                   0011E2 RLA    
ptr1                      000088 RLZ    ptr2                      00008A RLZ    
ptr3                      00008C RLZ    push1                     0011F0 RLA    
pusha                     0011F9 RLA    pusha0                    00120D RLA    
pushax                    00120F RLA    pusheax                   001129 RLA    
pushw0sp                  001225 RLA    regbank                   000094 RLZ    
shraxy                    001248 RLA    sp                        000080 RLZ    
sreg                      000082 RLZ    tmp1                      000090 RLZ    
tosicmp                   0010A1 RLA    zerobss                   00132A RLA    



Exports list by value:
----------------------
__CONSTRUCTOR_COUNT__     000000 REA    __DESTRUCTOR_COUNT__      000000 REA    
__EXEHDR__                000001 REA    __STARTUP__               000001 REA    
__FILETYPE__              000006 REA    __BSS_SIZE__              00002C REA    
__ONCE_SIZE__             000076 REA    sp                        000080 RLZ    
sreg                      000082 RLZ    ptr1                      000088 RLZ    
ptr2                      00008A RLZ    ptr3                      00008C RLZ    
tmp1                      000090 RLZ    regbank                   000094 RLZ    
__STACKSIZE__             000800 REA    __MAIN_START__            000803 RLA    
HOME                      000837 RLA    _clrscr                   000837 RLA    
VTABZ                     000841 RLA    _main                     0008CE RLA    
_mockingBoardInit         000A33 RLA    _mockingBoardPlaySound    000A9D RLA    
_mockingBoardStopSound    000AD3 RLA    __LCSIZE__                000C00 REA    
__printf                  000CCD RLA    addeqysp                  000F81 RLA    
addysp                    000F91 RLA    axlong                    000F9E RLA    
axulong                   000FA4 RLA    callmain                  000FAB RLA    
donelib                   000FC2 RLA    _cprintf                  000FCE RLA    
_cputc                    000FFD RLA    ctypemaskdirect           001051 RLA    
decsp1                    00106B RLA    decsp4                    001074 RLA    
decsp6                    001081 RLA    gotoxy                    00108E RLA    
_gotoxy                   001091 RLA    tosicmp                   0010A1 RLA    
incsp1                    0010CD RLA    popax                     0010D4 RLA    
incsp2                    0010DC RLA    incsp3                    0010EA RLA    
incsp4                    0010EF RLA    incsp8                    0010F4 RLA    
_kbhit                    0010F9 RLA    negeax                    001102 RLA    
pusheax                   001129 RLA    _ltoa                     001159 RLA    
_ultoa                    00119A RLA    popa                      0011D6 RLA    
popptr1                   0011E2 RLA    push1                     0011F0 RLA    
pusha                     0011F9 RLA    pusha0                    00120D RLA    
pushax                    00120F RLA    pushw0sp                  001225 RLA    
shraxy                    001248 RLA    _strlen                   001275 RLA    
_strlower                 00128B RLA    _vcprintf                 0012FA RLA    
zerobss                   00132A RLA    __hextab                  001417 RLA    
__longminstr              001427 RLA    __ctype                   00143A RLA    
__ctypeidx                001445 RLA    __DESTRUCTOR_TABLE__      0014C5 RLA    
__BSS_RUN__               00156C RLA    __ONCE_LOAD__             00156C RLA    
__ONCE_RUN__              00156C RLA    initlib                   00156C RLA    
__CONSTRUCTOR_TABLE__     0015E2 RLA    __MAIN_LAST__             0015E2 RLA    
__HIMEM__                 009600 REA    __LCADDR__                00D400 REA    
__LC_LAST__               00D400 RLA    __LC_START__              00D400 RLA    



Imports list:
-------------
HOME (home.o):
    clrscr.o                  apple2/clrscr.s:8
VTABZ (vtabz.o):
    cputc.o                   apple2/cputc.s:13
    gotoxy.o                  apple2/gotoxy.s:9
__BSS_RUN__ ([linker generated]):
    zerobss.o                 common/zerobss.s:8
__BSS_SIZE__ ([linker generated]):
    zerobss.o                 common/zerobss.s:8
__CONSTRUCTOR_COUNT__ ([linker generated]):
    condes.o                  runtime/condes.s:18
__CONSTRUCTOR_TABLE__ ([linker generated]):
    condes.o                  runtime/condes.s:18
__DESTRUCTOR_COUNT__ ([linker generated]):
    condes.o                  runtime/condes.s:19
__DESTRUCTOR_TABLE__ ([linker generated]):
    condes.o                  runtime/condes.s:19
__EXEHDR__ (exehdr.o):
    [linker generated]        /usr/share/cc65/cfg/apple2.cfg:7
__FILETYPE__ ([linker generated]):
    exehdr.o                  apple2/exehdr.s:9
__HIMEM__ ([linker generated]):
    [linker generated]        /usr/share/cc65/cfg/apple2.cfg:18
    [linker generated]        /usr/share/cc65/cfg/apple2.cfg:17
__LCADDR__ ([linker generated]):
    [linker generated]        /usr/share/cc65/cfg/apple2.cfg:19
__LCSIZE__ ([linker generated]):
    [linker generated]        /usr/share/cc65/cfg/apple2.cfg:19
__LC_LAST__ ([linker generated]):
    crt0.o                    apple2/crt0.s:13
__LC_START__ ([linker generated]):
    crt0.o                    apple2/crt0.s:13
__MAIN_LAST__ ([linker generated]):
    exehdr.o                  apple2/exehdr.s:10
__MAIN_START__ ([linker generated]):
    exehdr.o                  apple2/exehdr.s:10
__ONCE_LOAD__ ([linker generated]):
    crt0.o                    apple2/crt0.s:12
__ONCE_RUN__ ([linker generated]):
    [linker generated]        /usr/share/cc65/cfg/apple2.cfg:18
    [linker generated]        /usr/share/cc65/cfg/apple2.cfg:18
__ONCE_SIZE__ ([linker generated]):
    crt0.o                    apple2/crt0.s:12
__STACKSIZE__ ([linker generated]):
    [linker generated]        /usr/share/cc65/cfg/apple2.cfg:18
__STARTUP__ (crt0.o):
    main.o                    src/main.s:13
__ctype (ctype.o):
    ctypemask.o               common/ctypemask.s:23
__ctypeidx (ctype.o):
    ctypemask.o               common/ctypemask.s:24
__hextab (_hextab.o):
    ltoa.o                    common/ltoa.s:10
__longminstr (_longminstr.o):
    ltoa.o                    common/ltoa.s:10
__printf (_printf.o):
    vcprintf.o                conio/vcprintf.s:9
_clrscr (clrscr.o):
    main.o                    src/main.s:14
_cprintf (cprintf.o):
    main.o                    src/main.s:17
_cputc (cputc.o):
    vcprintf.o                conio/vcprintf.s:9
_gotoxy (gotoxy.o):
    main.o                    src/main.s:16
_kbhit (kbhit.o):
    main.o                    src/main.s:15
_ltoa (ltoa.o):
    _printf.o                 common/_printf.s:12
_main (main.o):
    callmain.o                runtime/callmain.s:11
_mockingBoardInit (mockingboard.o):
    main.o                    src/main.s:18
_mockingBoardPlaySound (mockingboard.o):
    main.o                    src/main.s:20
_mockingBoardStopSound (mockingboard.o):
    main.o                    src/main.s:21
_strlen (strlen.o):
    _printf.o                 common/_printf.s:13
_strlower (strlower.o):
    _printf.o                 common/_printf.s:13
_ultoa (ltoa.o):
    _printf.o                 common/_printf.s:12
_vcprintf (vcprintf.o):
    cprintf.o                 conio/cprintf.s:8
addeqysp (addeqsp.o):
    mockingboard.o            src/mockingboard.s:329
addysp (addysp.o):
    incsp8.o                  runtime/incsp8.s:8
    incsp4.o                  runtime/incsp4.s:8
    incsp3.o                  runtime/incsp3.s:8
    cprintf.o                 conio/cprintf.s:8
axlong (axlong.o):
    _printf.o                 common/_printf.s:11
axulong (axlong.o):
    _printf.o                 common/_printf.s:11
callmain (callmain.o):
    crt0.o                    apple2/crt0.s:11
ctypemaskdirect (ctypemask.o):
    strlower.o                common/strlower.s:14
decsp1 (decsp1.o):
    mockingboard.o            src/mockingboard.s:329
    mockingboard.o            src/mockingboard.s:329
decsp4 (decsp4.o):
    lpush.o                   runtime/lpush.s:12
decsp6 (decsp6.o):
    _printf.o                 common/_printf.s:11
donelib (condes.o):
    crt0.o                    apple2/crt0.s:10
gotoxy (gotoxy.o):
    cputc.o                   apple2/cputc.s:13
incsp1 (incsp1.o):
    mockingboard.o            src/mockingboard.s:329
incsp2 (incsp2.o):
    popptr1.o                 runtime/popptr1.s:8
    mockingboard.o            src/mockingboard.s:329
    main.o                    src/main.s:341
incsp3 (incsp3.o):
    mockingboard.o            src/mockingboard.s:329
incsp4 (incsp4.o):
    mockingboard.o            src/mockingboard.s:329
incsp8 (incsp8.o):
    mockingboard.o            src/mockingboard.s:329
initlib (condes.o):
    crt0.o                    apple2/crt0.s:10
negeax (lneg.o):
    ltoa.o                    common/ltoa.s:9
popa (popa.o):
    gotoxy.o                  apple2/gotoxy.s:9
popax (incsp2.o):
    ltoa.o                    common/ltoa.s:9
    _printf.o                 common/_printf.s:11
    vcprintf.o                conio/vcprintf.s:8
    shr.o                     runtime/shr.s:15
popptr1 (popptr1.o):
    ltoa.o                    common/ltoa.s:9
    vcprintf.o                conio/vcprintf.s:8
ptr1 (zeropage.o):
    strlower.o                common/strlower.s:13
    popptr1.o                 runtime/popptr1.s:9
    ltoa.o                    common/ltoa.s:11
    _printf.o                 /usr/src/packages/BUILD/asminc/zeropage.inc:12
    zerobss.o                 common/zerobss.s:9
    vcprintf.o                conio/vcprintf.s:10
    cprintf.o                 conio/cprintf.s:9
    mockingboard.o            src/mockingboard.s:11
    main.o                    src/main.s:11
ptr2 (zeropage.o):
    strlower.o                common/strlower.s:13
    strlen.o                  common/strlen.s:12
    ltoa.o                    common/ltoa.s:11
    _printf.o                 /usr/src/packages/BUILD/asminc/zeropage.inc:12
    vcprintf.o                conio/vcprintf.s:10
ptr3 (zeropage.o):
    ltoa.o                    common/ltoa.s:11
    vcprintf.o                conio/vcprintf.s:10
push1 (push1.o):
    _printf.o                 common/_printf.s:11
pusha (pusha.o):
    mockingboard.o            src/mockingboard.s:329
    mockingboard.o            src/mockingboard.s:329
    mockingboard.o            src/mockingboard.s:329
    mockingboard.o            src/mockingboard.s:329
    mockingboard.o            src/mockingboard.s:329
    main.o                    src/main.s:341
    main.o                    src/main.s:341
pusha0 (pushax.o):
    push1.o                   runtime/push1.s:8
    main.o                    src/main.s:341
pushax (pushax.o):
    callmain.o                runtime/callmain.s:11
    _printf.o                 common/_printf.s:11
    vcprintf.o                conio/vcprintf.s:8
    cprintf.o                 conio/cprintf.s:8
    mockingboard.o            src/mockingboard.s:329
    mockingboard.o            src/mockingboard.s:329
    mockingboard.o            src/mockingboard.s:329
    main.o                    src/main.s:341
pusheax (lpush.o):
    _printf.o                 common/_printf.s:11
pushw0sp (pushwsp.o):
    mockingboard.o            src/mockingboard.s:329
regbank (zeropage.o):
    _printf.o                 /usr/src/packages/BUILD/asminc/zeropage.inc:14
shraxy (shr.o):
    main.o                    src/main.s:341
sp (zeropage.o):
    decsp4.o                  runtime/decsp4.s:8
    popptr1.o                 runtime/popptr1.s:9
    lpush.o                   runtime/lpush.s:13
    decsp6.o                  runtime/decsp6.s:8
    addysp.o                  runtime/addysp.s:8
    _printf.o                 /usr/src/packages/BUILD/asminc/zeropage.inc:11
    vcprintf.o                conio/vcprintf.s:10
    pushwsp.o                 runtime/pushwsp.s:8
    pushax.o                  runtime/pushax.s:8
    pusha.o                   runtime/pusha.s:8
    popa.o                    runtime/popa.s:8
    incsp2.o                  runtime/incsp2.s:8
    incsp1.o                  runtime/incsp1.s:8
    icmp.o                    runtime/icmp.s:9
    decsp1.o                  runtime/decsp1.s:8
    crt0.o                    /usr/src/packages/BUILD/asminc/zeropage.inc:11
    cprintf.o                 conio/cprintf.s:9
    addeqsp.o                 runtime/addeqsp.s:8
    mockingboard.o            src/mockingboard.s:10
    main.o                    src/main.s:10
sreg (zeropage.o):
    lneg.o                    runtime/lneg.s:11
    ltoa.o                    common/ltoa.s:11
    lpush.o                   runtime/lpush.s:13
    axlong.o                  runtime/axlong.s:9
    _printf.o                 /usr/src/packages/BUILD/asminc/zeropage.inc:11
    icmp.o                    runtime/icmp.s:9
    mockingboard.o            src/mockingboard.s:10
tmp1 (zeropage.o):
    ltoa.o                    common/ltoa.s:11
    _printf.o                 /usr/src/packages/BUILD/asminc/zeropage.inc:13
    vcprintf.o                conio/vcprintf.s:10
    shr.o                     runtime/shr.s:16
tosicmp (icmp.o):
    main.o                    src/main.s:341
zerobss (zerobss.o):
    crt0.o                    apple2/crt0.s:11

